2026-09-09 18:45:03,229 - INFO - Application started
2026-09-09 18:45:03,229 - WARNING - This is a warning
2026-09-09 18:45:03,229 - ERROR - This is an error
2026-09-09 18:52:29,972 - INFO - Loading file: data/sample.txt
2026-09-09 18:52:29,974 - INFO - File loaded successfully: data/sample.txt
2026-09-09 18:57:37,016 - INFO - Loading file: data/sample.csv
2026-09-09 18:57:37,017 - INFO - File loaded successfully: data/sample.csv
2026-09-09 18:57:45,722 - INFO - Loading file: data/sample.json
2026-09-09 18:57:45,740 - INFO - File loaded successfully: data/sample.json
2026-09-09 18:57:53,948 - INFO - Loading file: data/sample.txt
2026-09-09 18:57:53,949 - INFO - File loaded successfully: data/sample.txt
2026-09-10 08:46:15,276 - INFO - Writing file: outputs/test.json
2026-09-10 08:46:15,278 - INFO - File written successfully: outputs/test.json
2026-09-10 08:51:29,215 - INFO - Writing file: outputs/test.json
2026-09-10 08:51:29,217 - INFO - File written successfully: outputs/test.json
2026-09-10 08:51:29,217 - INFO - DataWriter operation completed.
2026-09-10 08:54:05,768 - INFO - Writing file: outputs/test.pdf
2026-09-10 08:56:56,000 - INFO - Writing file: outputs/test.json
2026-09-10 08:56:56,003 - INFO - File written successfully: outputs/test.json
2026-09-10 08:56:56,003 - INFO - DataWriter operation completed.
2026-09-10 08:59:04,498 - INFO - Writing file: outputs/test.json
2026-09-10 08:59:04,500 - INFO - File written successfully: outputs/test.json
2026-09-10 08:59:04,500 - INFO - DataWriter operation completed.
2026-09-10 08:59:04,500 - INFO - Writing file: outputs/test.csv
2026-09-10 08:59:04,502 - INFO - File written successfully: outputs/test.csv
2026-09-10 08:59:04,502 - INFO - DataWriter operation completed.
2026-09-10 08:59:04,502 - INFO - Writing file: outputs/test.txt
2026-09-10 08:59:04,504 - INFO - File written successfully: outputs/test.txt
2026-09-10 08:59:04,504 - INFO - DataWriter operation completed.
2026-09-10 08:59:04,504 - INFO - Writing file: outputs/test.pkl
2026-09-10 08:59:04,506 - INFO - File written successfully: outputs/test.pkl
2026-09-10 08:59:04,506 - INFO - DataWriter operation completed.
2026-09-10 09:00:43,519 - INFO - Loading file: data/sample.json
2026-09-10 09:00:43,548 - INFO - File loaded successfully: data/sample.json
2026-09-10 09:00:43,548 - INFO - Writing file: outputs/result.json
2026-09-10 09:00:43,550 - INFO - File written successfully: outputs/result.json
2026-09-10 09:00:43,550 - INFO - DataWriter operation completed.
2026-09-10 11:36:13,100 - INFO - Attempting to connect to the database.
2026-09-10 11:37:47,715 - INFO - Attempting to connect to the database.
2026-09-10 11:37:47,958 - INFO - Database connection established successfully.
2026-09-10 11:41:05,385 - INFO - Attempting to connect to the database.
2026-09-10 11:41:05,506 - INFO - Database connection established successfully.
2026-09-10 11:41:05,508 - INFO - Database connection closed.
2026-09-10 12:11:16,826 - INFO - Utility functions tested successfully.
2026-09-10 12:11:16,831 - INFO - test_function executed in 0.0035 seconds
2026-09-10 12:14:13,888 - INFO - Utility functions tested successfully.
2026-09-10 12:14:13,892 - INFO - test_function executed in 0.0040 seconds
2026-09-10 12:17:25,897 - INFO - Utility functions tested successfully.
2026-09-10 12:17:25,901 - INFO - test_function executed in 0.0035 seconds
2026-09-10 12:18:33,809 - INFO - Attempting to connect to the database.
2026-09-10 12:18:33,995 - ERROR - Database connection failed: 1045 (28000): Access denied for user 'root'@'localhost' (using password: YES)
2026-09-10 12:19:09,954 - INFO - Attempting to connect to the database.
2026-09-10 12:19:10,029 - INFO - Database connection established successfully.
2026-09-10 12:19:10,030 - INFO - Database connection closed.
2026-09-10 12:41:22,959 - INFO - Loading file: data/sample.json
2026-09-10 12:41:22,967 - INFO - File loaded successfully: data/sample.json
2026-09-10 12:41:22,967 - INFO - Writing file: outputs/result.json
2026-09-10 12:41:22,970 - INFO - File written successfully: outputs/result.json
2026-09-10 12:41:22,970 - INFO - DataWriter operation completed.
2026-09-10 12:41:22,970 - INFO - Attempting to connect to the database.
2026-09-10 12:41:23,087 - INFO - Database connection established successfully.
2026-09-10 12:41:23,088 - INFO - Database connection closed.
2026-09-10 13:07:46,563 - INFO - Loading file: data/sample.json
2026-09-10 13:07:46,564 - INFO - File loaded successfully: data/sample.json
2026-09-10 13:07:46,564 - INFO - Writing file: outputs/result.json
2026-09-10 13:07:46,566 - INFO - File written successfully: outputs/result.json
2026-09-10 13:07:46,566 - INFO - DataWriter operation completed.
2026-09-10 13:07:46,567 - INFO - Attempting to connect to the database.
2026-09-10 13:07:46,679 - INFO - Database connection established successfully.
2026-09-10 13:07:46,680 - INFO - Database connection closed.
2026-09-10 13:21:32,423 - INFO - Loading file: data/sample.json
2026-09-10 13:21:32,425 - INFO - File loaded successfully: data/sample.json
2026-09-10 13:21:32,425 - INFO - Writing file: outputs/result.json
2026-09-10 13:21:32,428 - INFO - File written successfully: outputs/result.json
2026-09-10 13:21:32,428 - INFO - DataWriter operation completed.
2026-09-10 13:21:32,429 - INFO - Attempting to connect to the database.
2026-09-10 13:21:32,771 - INFO - Database connection established successfully.
2026-09-10 13:21:32,772 - INFO - Database connection closed.
